auth_token: ""
https: 192.168.100.11:10001
tls_cert_file: /var/lib/scylla-manager/scylla_manager.crt
tls_key_file: /var/lib/scylla-manager/scylla_manager.key
debug: ""
cpu: -1
logger:
  mode: stderr
  level: info
  development: false
scylla:
  api_address: 0.0.0.0
  api_port: "10000"
  listenaddress: 192.168.100.11
  broadcastaddress: 192.168.100.11
  prometheusaddress: 192.168.100.11
  prometheusport: "9180"
