[
  "sm_20210215151954UTC",
  "sm_20210215151405UTC",
  "sm_20210215144841UTC",
  "sm_20210215144420UTC",
  "sm_20210215140717UTC"
]