[
  "system_auth/role_permissions/mc-2-big-CompressionInfo.db",
  "system_auth/role_permissions/mc-2-big-Data.db",
  "system_auth/role_permissions/mc-2-big-Digest.crc32",
  "system_auth/role_permissions/mc-2-big-Filter.db",
  "system_auth/role_permissions/mc-2-big-Index.db",
  "system_auth/role_permissions/mc-2-big-Scylla.db",
  "system_auth/role_permissions/mc-2-big-Statistics.db",
  "system_auth/role_permissions/mc-2-big-Summary.db",
  "system_auth/role_permissions/mc-2-big-TOC.txt",
  "system_auth/roles/mc-2-big-CompressionInfo.db",
  "system_auth/roles/mc-2-big-Data.db",
  "system_auth/roles/mc-2-big-Digest.crc32",
  "system_auth/roles/mc-2-big-Filter.db",
  "system_auth/roles/mc-2-big-Index.db",
  "system_auth/roles/mc-2-big-Scylla.db",
  "system_auth/roles/mc-2-big-Statistics.db",
  "system_auth/roles/mc-2-big-Summary.db",
  "system_auth/roles/mc-2-big-TOC.txt",
  "system_schema/aggregates/mc-3-big-CompressionInfo.db",
  "system_schema/aggregates/mc-3-big-Data.db",
  "system_schema/aggregates/mc-3-big-Digest.crc32",
  "system_schema/aggregates/mc-3-big-Filter.db",
  "system_schema/aggregates/mc-3-big-Index.db",
  "system_schema/aggregates/mc-3-big-Scylla.db",
  "system_schema/aggregates/mc-3-big-Statistics.db",
  "system_schema/aggregates/mc-3-big-Summary.db",
  "system_schema/aggregates/mc-3-big-TOC.txt",
  "system_schema/columns/mc-10-big-CompressionInfo.db",
  "system_schema/columns/mc-10-big-Data.db",
  "system_schema/columns/mc-10-big-Digest.crc32",
  "system_schema/columns/mc-10-big-Filter.db",
  "system_schema/columns/mc-10-big-Index.db",
  "system_schema/columns/mc-10-big-Scylla.db",
  "system_schema/columns/mc-10-big-Statistics.db",
  "system_schema/columns/mc-10-big-Summary.db",
  "system_schema/columns/mc-10-big-TOC.txt",
  "system_schema/columns/mc-139-big-CompressionInfo.db",
  "system_schema/columns/mc-139-big-Data.db",
  "system_schema/columns/mc-139-big-Digest.crc32",
  "system_schema/columns/mc-139-big-Filter.db",
  "system_schema/columns/mc-139-big-Index.db",
  "system_schema/columns/mc-139-big-Scylla.db",
  "system_schema/columns/mc-139-big-Statistics.db",
  "system_schema/columns/mc-139-big-Summary.db",
  "system_schema/columns/mc-139-big-TOC.txt",
  "system_schema/computed_columns/mc-109-big-CompressionInfo.db",
  "system_schema/computed_columns/mc-109-big-Data.db",
  "system_schema/computed_columns/mc-109-big-Digest.crc32",
  "system_schema/computed_columns/mc-109-big-Filter.db",
  "system_schema/computed_columns/mc-109-big-Index.db",
  "system_schema/computed_columns/mc-109-big-Scylla.db",
  "system_schema/computed_columns/mc-109-big-Statistics.db",
  "system_schema/computed_columns/mc-109-big-Summary.db",
  "system_schema/computed_columns/mc-109-big-TOC.txt",
  "system_schema/computed_columns/mc-6-big-CompressionInfo.db",
  "system_schema/computed_columns/mc-6-big-Data.db",
  "system_schema/computed_columns/mc-6-big-Digest.crc32",
  "system_schema/computed_columns/mc-6-big-Filter.db",
  "system_schema/computed_columns/mc-6-big-Index.db",
  "system_schema/computed_columns/mc-6-big-Scylla.db",
  "system_schema/computed_columns/mc-6-big-Statistics.db",
  "system_schema/computed_columns/mc-6-big-Summary.db",
  "system_schema/computed_columns/mc-6-big-TOC.txt",
  "system_schema/dropped_columns/mc-111-big-CompressionInfo.db",
  "system_schema/dropped_columns/mc-111-big-Data.db",
  "system_schema/dropped_columns/mc-111-big-Digest.crc32",
  "system_schema/dropped_columns/mc-111-big-Filter.db",
  "system_schema/dropped_columns/mc-111-big-Index.db",
  "system_schema/dropped_columns/mc-111-big-Scylla.db",
  "system_schema/dropped_columns/mc-111-big-Statistics.db",
  "system_schema/dropped_columns/mc-111-big-Summary.db",
  "system_schema/dropped_columns/mc-111-big-TOC.txt",
  "system_schema/dropped_columns/mc-6-big-CompressionInfo.db",
  "system_schema/dropped_columns/mc-6-big-Data.db",
  "system_schema/dropped_columns/mc-6-big-Digest.crc32",
  "system_schema/dropped_columns/mc-6-big-Filter.db",
  "system_schema/dropped_columns/mc-6-big-Index.db",
  "system_schema/dropped_columns/mc-6-big-Scylla.db",
  "system_schema/dropped_columns/mc-6-big-Statistics.db",
  "system_schema/dropped_columns/mc-6-big-Summary.db",
  "system_schema/dropped_columns/mc-6-big-TOC.txt",
  "system_schema/functions/mc-3-big-CompressionInfo.db",
  "system_schema/functions/mc-3-big-Data.db",
  "system_schema/functions/mc-3-big-Digest.crc32",
  "system_schema/functions/mc-3-big-Filter.db",
  "system_schema/functions/mc-3-big-Index.db",
  "system_schema/functions/mc-3-big-Scylla.db",
  "system_schema/functions/mc-3-big-Statistics.db",
  "system_schema/functions/mc-3-big-Summary.db",
  "system_schema/functions/mc-3-big-TOC.txt",
  "system_schema/indexes/mc-109-big-CompressionInfo.db",
  "system_schema/indexes/mc-109-big-Data.db",
  "system_schema/indexes/mc-109-big-Digest.crc32",
  "system_schema/indexes/mc-109-big-Filter.db",
  "system_schema/indexes/mc-109-big-Index.db",
  "system_schema/indexes/mc-109-big-Scylla.db",
  "system_schema/indexes/mc-109-big-Statistics.db",
  "system_schema/indexes/mc-109-big-Summary.db",
  "system_schema/indexes/mc-109-big-TOC.txt",
  "system_schema/indexes/mc-6-big-CompressionInfo.db",
  "system_schema/indexes/mc-6-big-Data.db",
  "system_schema/indexes/mc-6-big-Digest.crc32",
  "system_schema/indexes/mc-6-big-Filter.db",
  "system_schema/indexes/mc-6-big-Index.db",
  "system_schema/indexes/mc-6-big-Scylla.db",
  "system_schema/indexes/mc-6-big-Statistics.db",
  "system_schema/indexes/mc-6-big-Summary.db",
  "system_schema/indexes/mc-6-big-TOC.txt",
  "system_schema/keyspaces/mc-173-big-CompressionInfo.db",
  "system_schema/keyspaces/mc-173-big-Data.db",
  "system_schema/keyspaces/mc-173-big-Digest.crc32",
  "system_schema/keyspaces/mc-173-big-Filter.db",
  "system_schema/keyspaces/mc-173-big-Index.db",
  "system_schema/keyspaces/mc-173-big-Scylla.db",
  "system_schema/keyspaces/mc-173-big-Statistics.db",
  "system_schema/keyspaces/mc-173-big-Summary.db",
  "system_schema/keyspaces/mc-173-big-TOC.txt",
  "system_schema/keyspaces/mc-22-big-CompressionInfo.db",
  "system_schema/keyspaces/mc-22-big-Data.db",
  "system_schema/keyspaces/mc-22-big-Digest.crc32",
  "system_schema/keyspaces/mc-22-big-Filter.db",
  "system_schema/keyspaces/mc-22-big-Index.db",
  "system_schema/keyspaces/mc-22-big-Scylla.db",
  "system_schema/keyspaces/mc-22-big-Statistics.db",
  "system_schema/keyspaces/mc-22-big-Summary.db",
  "system_schema/keyspaces/mc-22-big-TOC.txt",
  "system_schema/scylla_tables/mc-10-big-CompressionInfo.db",
  "system_schema/scylla_tables/mc-10-big-Data.db",
  "system_schema/scylla_tables/mc-10-big-Digest.crc32",
  "system_schema/scylla_tables/mc-10-big-Filter.db",
  "system_schema/scylla_tables/mc-10-big-Index.db",
  "system_schema/scylla_tables/mc-10-big-Scylla.db",
  "system_schema/scylla_tables/mc-10-big-Statistics.db",
  "system_schema/scylla_tables/mc-10-big-Summary.db",
  "system_schema/scylla_tables/mc-10-big-TOC.txt",
  "system_schema/scylla_tables/mc-147-big-CompressionInfo.db",
  "system_schema/scylla_tables/mc-147-big-Data.db",
  "system_schema/scylla_tables/mc-147-big-Digest.crc32",
  "system_schema/scylla_tables/mc-147-big-Filter.db",
  "system_schema/scylla_tables/mc-147-big-Index.db",
  "system_schema/scylla_tables/mc-147-big-Scylla.db",
  "system_schema/scylla_tables/mc-147-big-Statistics.db",
  "system_schema/scylla_tables/mc-147-big-Summary.db",
  "system_schema/scylla_tables/mc-147-big-TOC.txt",
  "system_schema/tables/mc-10-big-CompressionInfo.db",
  "system_schema/tables/mc-10-big-Data.db",
  "system_schema/tables/mc-10-big-Digest.crc32",
  "system_schema/tables/mc-10-big-Filter.db",
  "system_schema/tables/mc-10-big-Index.db",
  "system_schema/tables/mc-10-big-Scylla.db",
  "system_schema/tables/mc-10-big-Statistics.db",
  "system_schema/tables/mc-10-big-Summary.db",
  "system_schema/tables/mc-10-big-TOC.txt",
  "system_schema/tables/mc-137-big-CompressionInfo.db",
  "system_schema/tables/mc-137-big-Data.db",
  "system_schema/tables/mc-137-big-Digest.crc32",
  "system_schema/tables/mc-137-big-Filter.db",
  "system_schema/tables/mc-137-big-Index.db",
  "system_schema/tables/mc-137-big-Scylla.db",
  "system_schema/tables/mc-137-big-Statistics.db",
  "system_schema/tables/mc-137-big-Summary.db",
  "system_schema/tables/mc-137-big-TOC.txt",
  "system_schema/triggers/mc-3-big-CompressionInfo.db",
  "system_schema/triggers/mc-3-big-Data.db",
  "system_schema/triggers/mc-3-big-Digest.crc32",
  "system_schema/triggers/mc-3-big-Filter.db",
  "system_schema/triggers/mc-3-big-Index.db",
  "system_schema/triggers/mc-3-big-Scylla.db",
  "system_schema/triggers/mc-3-big-Statistics.db",
  "system_schema/triggers/mc-3-big-Summary.db",
  "system_schema/triggers/mc-3-big-TOC.txt",
  "system_schema/types/mc-3-big-CompressionInfo.db",
  "system_schema/types/mc-3-big-Data.db",
  "system_schema/types/mc-3-big-Digest.crc32",
  "system_schema/types/mc-3-big-Filter.db",
  "system_schema/types/mc-3-big-Index.db",
  "system_schema/types/mc-3-big-Scylla.db",
  "system_schema/types/mc-3-big-Statistics.db",
  "system_schema/types/mc-3-big-Summary.db",
  "system_schema/types/mc-3-big-TOC.txt",
  "system_schema/view_virtual_columns/mc-3-big-CompressionInfo.db",
  "system_schema/view_virtual_columns/mc-3-big-Data.db",
  "system_schema/view_virtual_columns/mc-3-big-Digest.crc32",
  "system_schema/view_virtual_columns/mc-3-big-Filter.db",
  "system_schema/view_virtual_columns/mc-3-big-Index.db",
  "system_schema/view_virtual_columns/mc-3-big-Scylla.db",
  "system_schema/view_virtual_columns/mc-3-big-Statistics.db",
  "system_schema/view_virtual_columns/mc-3-big-Summary.db",
  "system_schema/view_virtual_columns/mc-3-big-TOC.txt",
  "system_schema/views/mc-3-big-CompressionInfo.db",
  "system_schema/views/mc-3-big-Data.db",
  "system_schema/views/mc-3-big-Digest.crc32",
  "system_schema/views/mc-3-big-Filter.db",
  "system_schema/views/mc-3-big-Index.db",
  "system_schema/views/mc-3-big-Scylla.db",
  "system_schema/views/mc-3-big-Statistics.db",
  "system_schema/views/mc-3-big-Summary.db",
  "system_schema/views/mc-3-big-TOC.txt"
]