{
  "units": [
    {
      "keyspace": "system_auth",
      "tables": [
        "role_members",
        "roles",
        "role_permissions"
      ],
      "all_tables": true
    },
    {
      "keyspace": "system_distributed",
      "tables": [
        "view_build_status"
      ],
      "all_tables": true
    },
    {
      "keyspace": "system_traces",
      "tables": [
        "node_slow_log_time_idx",
        "node_slow_log",
        "events",
        "sessions",
        "sessions_time_idx"
      ],
      "all_tables": true
    }
  ],
  "dc": [
    "dc1",
    "dc2"
  ],
  "location": [
    "s3:backuptest-get-target"
  ],
  "retention": 3,
  "rate_limit": [
    "100"
  ],
  "snapshot_parallel": null,
  "upload_parallel": null,
  "continue": false
}