{
  "units": [
    {
      "keyspace": "system_auth",
      "tables": [
        "role_members",
        "roles",
        "role_permissions"
      ],
      "all_tables": true
    },
    {
      "keyspace": "system_distributed",
      "tables": [
        "view_build_status",
        "cdc_generations",
        "cdc_streams"
      ],
      "all_tables": true
    },
    {
      "keyspace": "system_traces",
      "tables": [
        "sessions",
        "sessions_time_idx",
        "node_slow_log_time_idx",
        "events",
        "node_slow_log"
      ],
      "all_tables": true
    },
    {
      "keyspace": "system_schema",
      "tables": [
        "columns",
        "functions",
        "types",
        "view_virtual_columns",
        "scylla_tables",
        "triggers",
        "indexes",
        "tables",
        "keyspaces",
        "views",
        "computed_columns",
        "aggregates",
        "dropped_columns"
      ],
      "all_tables": true
    }
  ],
  "dc": [
    "dc1",
    "dc2"
  ],
  "location": [
    "s3:backuptest-get-target"
  ],
  "retention": 3,
  "rate_limit": [
    "100"
  ],
  "snapshot_parallel": [
    "10",
    "dc1:20"
  ],
  "upload_parallel": null,
  "continue": true
}