[
  "backup/meta/cluster/687d612f-b36d-4e0e-9566-8548ca368c85/dc/dc1/node/6c5089a5-5ce2-47c1-833c-900077341e26/task_a725c073-4489-4d8b-b52d-094f1b2af5d9_tag_sm_20200327163342UTC_manifest.json.gz.tmp",
  "backup/meta/cluster/687d612f-b36d-4e0e-9566-8548ca368c85/dc/dc1/node/8e38ca9b-7e14-4a85-b4af-c402bac2d051/task_a725c073-4489-4d8b-b52d-094f1b2af5d9_tag_sm_20200327163342UTC_manifest.json.gz",
  "backup/meta/cluster/687d612f-b36d-4e0e-9566-8548ca368c85/dc/dc1/node/b64b1706-7dc0-4d73-bc1f-cba7090a7ac1/task_a725c073-4489-4d8b-b52d-094f1b2af5d9_tag_sm_20200327163342UTC_manifest.json.gz"
]