Cluster:	test (e2ba9ec5-8a8f-48d9-bcd9-0569706e9e84)
Datacenter:	dc1
Node:		192.168.100.13 (942ba1b6-30a3-441e-ac3c-158864d8b861)
Time:		2021-02-15 15:19:54 +0000 UTC
Size:		925.814k

Download:
  - system_auth.role_permissions (5.719k) to system_auth/role_permissions-3afbe79f219431a7add7f5ab90d8ec9c/upload
  - system_auth.roles (5.348k) to system_auth/roles-5bc52802de2535edaeab188eecebb090/upload
  - system_schema.aggregates (38.300k) to system_schema/aggregates-924c55872e3a345bb10c12f37c1ba895/upload
  - system_schema.columns (143.657k) to system_schema/columns-24101c25a2ae3af787c1b40ee1aca33f/upload
  - system_schema.computed_columns (43.353k) to system_schema/computed_columns-cc7c7069374033c192a4c3de78dbd2c4/upload
  - system_schema.dropped_columns (43.629k) to system_schema/dropped_columns-5e7583b5f3f43af19a39b7e1d6f5f11f/upload
  - system_schema.functions (38.395k) to system_schema/functions-96489b7980be3e14a70166a0b9159450/upload
  - system_schema.indexes (43.681k) to system_schema/indexes-0feb57ac311f382fba6d9024d305702f/upload
  - system_schema.keyspaces (133.152k) to system_schema/keyspaces-abac5682dea631c5b535b3d6cffd0fb6/upload
  - system_schema.scylla_tables (134.802k) to system_schema/scylla_tables-5d912ff1f7593665b2c88042ab5103dd/upload
  - system_schema.tables (141.681k) to system_schema/tables-afddfb9dbc1e30688056eed6c302ba09/upload
  - system_schema.triggers (38.135k) to system_schema/triggers-4df70b666b05325195a132b54005fd48/upload
  - system_schema.types (38.194k) to system_schema/types-5a8b1ca866023f77a0459273d308917a/upload
  - system_schema.view_virtual_columns (38.218k) to system_schema/view_virtual_columns-08843b6345dc3be29798a0418295cfaa/upload
  - system_schema.views (39.553k) to system_schema/views-9786ac1cdd583201a7cdad556410c985/upload
