-K '<nil>' --dc '<nil>' --retention <nil> --rate-limit <nil> --snapshot-parallel '<nil>' --upload-parallel '<nil>'