{
  "units": [
    {
      "Keyspace": "system_auth",
      "Tables": [
        "role_members",
        "roles",
        "role_permissions"
      ],
      "AllTables": true
    }
  ],
  "dc": [
    "dc1",
    "dc2"
  ],
  "host": "",
  "with_hosts": null,
  "token_ranges": "dcpr",
  "fail_fast": false,
  "continue": true,
  "intensity": 0
}