{
  "clear_actions": [
    {
      "keyspace": "system_auth",
      "table": "role_permissions",
      "dir": "system_auth/role_permissions"
    }
  ],
  "download_actions": [
    {
      "keyspace": "system_auth",
      "table": "role_permissions",
      "size": 5856,
      "dir": "system_auth/role_permissions"
    }
  ]
}