{
  "units": [
    {
      "keyspace": "system_auth",
      "tables": [
        "role_members",
        "roles"
      ],
      "all_tables": true
    }
  ],
  "dc": [
    "dc1",
    "dc2"
  ],
  "location": [
    "s3:foo"
  ],
  "retention": 3,
  "rate_limit": null,
  "snapshot_parallel": null,
  "upload_parallel": null,
  "continue": true
}