{
  "units": [
    {
      "Keyspace": "system_auth",
      "Tables": [
        "role_members"
      ],
      "AllTables": false
    }
  ],
  "dc": [
    "dc1"
  ],
  "fail_fast": false,
  "continue": false,
  "intensity": 0,
  "small_table_threshold": 1073741824
}