{
  "size": 0,
  "uploaded": 0,
  "snapshot_tag": "sm_20091110230000UTC",
  "dcs": [
    "dc1",
    "dc2"
  ],
  "keyspaces": null
}