{
  "size": 50,
  "uploaded": 33,
  "failed": 10,
  "dcs": [
    "dc1",
    "dc2"
  ],
  "hosts": [
    {
      "host": "host1",
      "keyspaces": [
        {
          "keyspace": "ks",
          "tables": [
            {
              "table": "table1",
              "size": 10,
              "uploaded": 10
            },
            {
              "table": "table2",
              "error": "error1, error2",
              "size": 20,
              "uploaded": 10,
              "failed": 10
            }
          ],
          "size": 30,
          "uploaded": 20,
          "failed": 10
        }
      ],
      "size": 30,
      "uploaded": 20,
      "failed": 10
    },
    {
      "host": "host2",
      "keyspaces": [
        {
          "keyspace": "ks",
          "tables": [
            {
              "table": "table1",
              "size": 10,
              "uploaded": 10
            },
            {
              "table": "table2",
              "size": 10,
              "uploaded": 3
            }
          ],
          "size": 20,
          "uploaded": 13
        }
      ],
      "size": 20,
      "uploaded": 13
    }
  ]
}