{
  "size": 0,
  "uploaded": 0,
  "skipped": 0,
  "snapshot_tag": "sm_20091110230000UTC",
  "dcs": [
    "dc1",
    "dc2"
  ],
  "hosts": [
    {
      "host": "host1",
      "keyspaces": [
        {
          "keyspace": "ks",
          "tables": [
            {
              "table": "table1",
              "size": 0,
              "uploaded": 0,
              "skipped": 0
            },
            {
              "table": "table2",
              "size": 0,
              "uploaded": 0
            }
          ],
          "size": 0,
          "uploaded": 0,
          "skipped": 0
        }
      ],
      "size": 0,
      "uploaded": 0,
      "skipped": 0
    }
  ]
}