{
  "clear_actions": [
    {
      "keyspace": "system_auth",
      "table": "role_permissions",
      "dir": "system_auth/role_permissions-3afbe79f219431a7add7f5ab90d8ec9c/upload"
    }
  ],
  "download_actions": [
    {
      "keyspace": "system_auth",
      "table": "role_permissions",
      "size": 5856,
      "dir": "system_auth/role_permissions-3afbe79f219431a7add7f5ab90d8ec9c/upload"
    }
  ]
}