{
  "units": [
    {
      "Keyspace": "system_auth",
      "Tables": [
        "role_members"
      ],
      "AllTables": false
    },
    {
      "Keyspace": "system_traces",
      "Tables": [
        "node_slow_log_time_idx",
        "node_slow_log"
      ],
      "AllTables": false
    }
  ],
  "dc": [
    "dc1"
  ],
  "fail_fast": false,
  "continue": false,
  "intensity": 0
}